[32m[Nest] 8292  - [39m30/09/2026 17:20:57 [32m    LOG[39m [38;5;3m[NestFactory] [39m[32mStarting Nest application...[39m
[32m[Nest] 8292  - [39m30/09/2026 17:20:57 [32m    LOG[39m [38;5;3m[InstanceLoader] [39m[32mPrismaModule dependencies initialized[39m[38;5;3m +21ms[39m
[32m[Nest] 8292  - [39m30/09/2026 17:20:57 [32m    LOG[39m [38;5;3m[InstanceLoader] [39m[32mPassportModule dependencies initialized[39m[38;5;3m +0ms[39m
[32m[Nest] 8292  - [39m30/09/2026 17:20:57 [32m    LOG[39m [38;5;3m[InstanceLoader] [39m[32mJwtModule dependencies initialized[39m[38;5;3m +7ms[39m
[32m[Nest] 8292  - [39m30/09/2026 17:20:57 [32m    LOG[39m [38;5;3m[InstanceLoader] [39m[32mAppModule dependencies initialized[39m[38;5;3m +1ms[39m
[32m[Nest] 8292  - [39m30/09/2026 17:20:57 [32m    LOG[39m [38;5;3m[InstanceLoader] [39m[32mDiscoveryModule dependencies initialized[39m[38;5;3m +0ms[39m
[32m[Nest] 8292  - [39m30/09/2026 17:20:57 [32m    LOG[39m [38;5;3m[InstanceLoader] [39m[32mAffectationModule dependencies initialized[39m[38;5;3m +0ms[39m
[32m[Nest] 8292  - [39m30/09/2026 17:20:57 [32m    LOG[39m [38;5;3m[InstanceLoader] [39m[32mScheduleModule dependencies initialized[39m[38;5;3m +2ms[39m
[32m[Nest] 8292  - [39m30/09/2026 17:20:57 [32m    LOG[39m [38;5;3m[InstanceLoader] [39m[32mMedicamentsModule dependencies initialized[39m[38;5;3m +1ms[39m
[32m[Nest] 8292  - [39m30/09/2026 17:20:57 [32m    LOG[39m [38;5;3m[InstanceLoader] [39m[32mModulesModule dependencies initialized[39m[38;5;3m +0ms[39m
[32m[Nest] 8292  - [39m30/09/2026 17:20:57 [32m    LOG[39m [38;5;3m[InstanceLoader] [39m[32mAssurancesModule dependencies initialized[39m[38;5;3m +1ms[39m
[32m[Nest] 8292  - [39m30/09/2026 17:20:57 [32m    LOG[39m [38;5;3m[InstanceLoader] [39m[32mImpressionModule dependencies initialized[39m[38;5;3m +0ms[39m
[32m[Nest] 8292  - [39m30/09/2026 17:20:57 [32m    LOG[39m [38;5;3m[InstanceLoader] [39m[32mLaboratoireModule dependencies initialized[39m[38;5;3m +0ms[39m
[32m[Nest] 8292  - [39m30/09/2026 17:20:57 [32m    LOG[39m [38;5;3m[InstanceLoader] [39m[32mImagerieModule dependencies initialized[39m[38;5;3m +0ms[39m
[32m[Nest] 8292  - [39m30/09/2026 17:20:57 [32m    LOG[39m [38;5;3m[InstanceLoader] [39m[32mHospitalisationModule dependencies initialized[39m[38;5;3m +0ms[39m
[32m[Nest] 8292  - [39m30/09/2026 17:20:57 [32m    LOG[39m [38;5;3m[InstanceLoader] [39m[32mCliniquesModule dependencies initialized[39m[38;5;3m +0ms[39m
[32m[Nest] 8292  - [39m30/09/2026 17:20:57 [32m    LOG[39m [38;5;3m[InstanceLoader] [39m[32mServicesModule dependencies initialized[39m[38;5;3m +0ms[39m
[32m[Nest] 8292  - [39m30/09/2026 17:20:57 [32m    LOG[39m [38;5;3m[InstanceLoader] [39m[32mPersonnelModule dependencies initialized[39m[38;5;3m +0ms[39m
[32m[Nest] 8292  - [39m30/09/2026 17:20:57 [32m    LOG[39m [38;5;3m[InstanceLoader] [39m[32mUtilisateursModule dependencies initialized[39m[38;5;3m +0ms[39m
[32m[Nest] 8292  - [39m30/09/2026 17:20:57 [32m    LOG[39m [38;5;3m[InstanceLoader] [39m[32mRolesModule dependencies initialized[39m[38;5;3m +0ms[39m
[32m[Nest] 8292  - [39m30/09/2026 17:20:57 [32m    LOG[39m [38;5;3m[InstanceLoader] [39m[32mPrestationsModule dependencies initialized[39m[38;5;3m +0ms[39m
[32m[Nest] 8292  - [39m30/09/2026 17:20:57 [32m    LOG[39m [38;5;3m[InstanceLoader] [39m[32mParametresModule dependencies initialized[39m[38;5;3m +0ms[39m
[32m[Nest] 8292  - [39m30/09/2026 17:20:57 [32m    LOG[39m [38;5;3m[InstanceLoader] [39m[32mStatistiquesModule dependencies initialized[39m[38;5;3m +0ms[39m
[32m[Nest] 8292  - [39m30/09/2026 17:20:57 [32m    LOG[39m [38;5;3m[InstanceLoader] [39m[32mListesParametresModule dependencies initialized[39m[38;5;3m +0ms[39m
[32m[Nest] 8292  - [39m30/09/2026 17:20:57 [32m    LOG[39m [38;5;3m[InstanceLoader] [39m[32mSoinsModule dependencies initialized[39m[38;5;3m +0ms[39m
[32m[Nest] 8292  - [39m30/09/2026 17:20:57 [32m    LOG[39m [38;5;3m[InstanceLoader] [39m[32mRapportsModule dependencies initialized[39m[38;5;3m +0ms[39m
[32m[Nest] 8292  - [39m30/09/2026 17:20:57 [32m    LOG[39m [38;5;3m[InstanceLoader] [39m[32mConsultationsModule dependencies initialized[39m[38;5;3m +0ms[39m
[32m[Nest] 8292  - [39m30/09/2026 17:20:57 [32m    LOG[39m [38;5;3m[InstanceLoader] [39m[32mAccueilModule dependencies initialized[39m[38;5;3m +0ms[39m
[32m[Nest] 8292  - [39m30/09/2026 17:20:57 [32m    LOG[39m [38;5;3m[InstanceLoader] [39m[32mCaisseModule dependencies initialized[39m[38;5;3m +0ms[39m
[32m[Nest] 8292  - [39m30/09/2026 17:20:57 [32m    LOG[39m [38;5;3m[InstanceLoader] [39m[32mAuthModule dependencies initialized[39m[38;5;3m +0ms[39m
[32m[Nest] 8292  - [39m30/09/2026 17:20:57 [32m    LOG[39m [38;5;3m[InstanceLoader] [39m[32mPharmacieModule dependencies initialized[39m[38;5;3m +0ms[39m
[32m[Nest] 8292  - [39m30/09/2026 17:20:57 [32m    LOG[39m [38;5;3m[InstanceLoader] [39m[32mMaterniteModule dependencies initialized[39m[38;5;3m +0ms[39m
[32m[Nest] 8292  - [39m30/09/2026 17:20:57 [32m    LOG[39m [38;5;3m[RoutesResolver] [39m[32mAppController {/api}:[39m[38;5;3m +4ms[39m
[32m[Nest] 8292  - [39m30/09/2026 17:20:57 [32m    LOG[39m [38;5;3m[RouterExplorer] [39m[32mMapped {/api, GET} route[39m[38;5;3m +2ms[39m
[32m[Nest] 8292  - [39m30/09/2026 17:20:57 [32m    LOG[39m [38;5;3m[RoutesResolver] [39m[32mAuthController {/api/auth}:[39m[38;5;3m +0ms[39m
[32m[Nest] 8292  - [39m30/09/2026 17:20:57 [32m    LOG[39m [38;5;3m[RouterExplorer] [39m[32mMapped {/api/auth/login, POST} route[39m[38;5;3m +0ms[39m
[32m[Nest] 8292  - [39m30/09/2026 17:20:57 [32m    LOG[39m [38;5;3m[RouterExplorer] [39m[32mMapped {/api/auth/me, GET} route[39m[38;5;3m +0ms[39m
[32m[Nest] 8292  - [39m30/09/2026 17:20:57 [32m    LOG[39m [38;5;3m[RouterExplorer] [39m[32mMapped {/api/auth/changer-mot-de-passe, POST} route[39m[38;5;3m +0ms[39m
[32m[Nest] 8292  - [39m30/09/2026 17:20:57 [32m    LOG[39m [38;5;3m[RouterExplorer] [39m[32mMapped {/api/auth/config-public, GET} route[39m[38;5;3m +1ms[39m
[32m[Nest] 8292  - [39m30/09/2026 17:20:57 [32m    LOG[39m [38;5;3m[RoutesResolver] [39m[32mAssurancesController {/api/assurances}:[39m[38;5;3m +0ms[39m
[32m[Nest] 8292  - [39m30/09/2026 17:20:57 [32m    LOG[39m [38;5;3m[RouterExplorer] [39m[32mMapped {/api/assurances, GET} route[39m[38;5;3m +0ms[39m
[32m[Nest] 8292  - [39m30/09/2026 17:20:57 [32m    LOG[39m [38;5;3m[RouterExplorer] [39m[32mMapped {/api/assurances/facturation, GET} route[39m[38;5;3m +0ms[39m
[32m[Nest] 8292  - [39m30/09/2026 17:20:57 [32m    LOG[39m [38;5;3m[RouterExplorer] [39m[32mMapped {/api/assurances, POST} route[39m[38;5;3m +0ms[39m
[32m[Nest] 8292  - [39m30/09/2026 17:20:57 [32m    LOG[39m [38;5;3m[RouterExplorer] [39m[32mMapped {/api/assurances/import, POST} route[39m[38;5;3m +0ms[39m
[32m[Nest] 8292  - [39m30/09/2026 17:20:57 [32m    LOG[39m [38;5;3m[RouterExplorer] [39m[32mMapped {/api/assurances/:id, PATCH} route[39m[38;5;3m +1ms[39m
[32m[Nest] 8292  - [39m30/09/2026 17:20:57 [32m    LOG[39m [38;5;3m[RouterExplorer] [39m[32mMapped {/api/assurances/:id, DELETE} route[39m[38;5;3m +0ms[39m
[32m[Nest] 8292  - [39m30/09/2026 17:20:57 [32m    LOG[39m [38;5;3m[RouterExplorer] [39m[32mMapped {/api/assurances/formules, POST} route[39m[38;5;3m +0ms[39m
[32m[Nest] 8292  - [39m30/09/2026 17:20:57 [32m    LOG[39m [38;5;3m[RouterExplorer] [39m[32mMapped {/api/assurances/formules/:id, PATCH} route[39m[38;5;3m +0ms[39m
[32m[Nest] 8292  - [39m30/09/2026 17:20:57 [32m    LOG[39m [38;5;3m[RouterExplorer] [39m[32mMapped {/api/assurances/formules/:id, DELETE} route[39m[38;5;3m +0ms[39m
[32m[Nest] 8292  - [39m30/09/2026 17:20:57 [32m    LOG[39m [38;5;3m[RouterExplorer] [39m[32mMapped {/api/assurances/couvertures, POST} route[39m[38;5;3m +0ms[39m
[32m[Nest] 8292  - [39m30/09/2026 17:20:57 [32m    LOG[39m [38;5;3m[RouterExplorer] [39m[32mMapped {/api/assurances/couvertures/:id, PATCH} route[39m[38;5;3m +0ms[39m
[32m[Nest] 8292  - [39m30/09/2026 17:20:57 [32m    LOG[39m [38;5;3m[RouterExplorer] [39m[32mMapped {/api/assurances/couvertures/:id, DELETE} route[39m[38;5;3m +0ms[39m
[32m[Nest] 8292  - [39m30/09/2026 17:20:57 [32m    LOG[39m [38;5;3m[RouterExplorer] [39m[32mMapped {/api/assurances/patients/:patientId, GET} route[39m[38;5;3m +0ms[39m
[32m[Nest] 8292  - [39m30/09/2026 17:20:57 [32m    LOG[39m [38;5;3m[RouterExplorer] [39m[32mMapped {/api/assurances/patients/:patientId, POST} route[39m[38;5;3m +0ms[39m
[32m[Nest] 8292  - [39m30/09/2026 17:20:57 [32m    LOG[39m [38;5;3m[RouterExplorer] [39m[32mMapped {/api/assurances/patients/rattachements/:id, DELETE} route[39m[38;5;3m +1ms[39m
[32m[Nest] 8292  - [39m30/09/2026 17:20:57 [32m    LOG[39m [38;5;3m[RoutesResolver] [39m[32mAccueilController {/api/accueil}:[39m[38;5;3m +0ms[39m
[32m[Nest] 8292  - [39m30/09/2026 17:20:57 [32m    LOG[39m [38;5;3m[RouterExplorer] [39m[32mMapped {/api/accueil/patients, GET} route[39m[38;5;3m +0ms[39m
[32m[Nest] 8292  - [39m30/09/2026 17:20:57 [32m    LOG[39m [38;5;3m[RouterExplorer] [39m[32mMapped {/api/accueil/passages, GET} route[39m[38;5;3m +0ms[39m
[32m[Nest] 8292  - [39m30/09/2026 17:20:57 [32m    LOG[39m [38;5;3m[RouterExplorer] [39m[32mMapped {/api/accueil/passages/code/:code, GET} route[39m[38;5;3m +0ms[39m
[32m[Nest] 8292  - [39m30/09/2026 17:20:57 [32m    LOG[39m [38;5;3m[RouterExplorer] [39m[32mMapped {/api/accueil/passages/:id, GET} route[39m[38;5;3m +0ms[39m
[32m[Nest] 8292  - [39m30/09/2026 17:20:57 [32m    LOG[39m [38;5;3m[RouterExplorer] [39m[32mMapped {/api/accueil/passages, POST} route[39m[38;5;3m +0ms[39m
[32m[Nest] 8292  - [39m30/09/2026 17:20:57 [32m    LOG[39m [38;5;3m[RouterExplorer] [39m[32mMapped {/api/accueil/passages/:id, PATCH} route[39m[38;5;3m +0ms[39m
[32m[Nest] 8292  - [39m30/09/2026 17:20:57 [32m    LOG[39m [38;5;3m[RoutesResolver] [39m[32mImpressionController {/api/impression}:[39m[38;5;3m +0ms[39m
[32m[Nest] 8292  - [39m30/09/2026 17:20:57 [32m    LOG[39m [38;5;3m[RouterExplorer] [39m[32mMapped {/api/impression/config, GET} route[39m[38;5;3m +0ms[39m
[32m[Nest] 8292  - [39m30/09/2026 17:20:57 [32m    LOG[39m [38;5;3m[RouterExplorer] [39m[32mMapped {/api/impression/passages/:id, POST} route[39m[38;5;3m +0ms[39m
[32m[Nest] 8292  - [39m30/09/2026 17:20:57 [32m    LOG[39m [38;5;3m[RouterExplorer] [39m[32mMapped {/api/impression/paiements/:id, POST} route[39m[38;5;3m +0ms[39m
[32m[Nest] 8292  - [39m30/09/2026 17:20:57 [32m    LOG[39m [38;5;3m[RouterExplorer] [39m[32mMapped {/api/impression/consultations/:id, POST} route[39m[38;5;3m +0ms[39m
[32m[Nest] 8292  - [39m30/09/2026 17:20:57 [32m    LOG[39m [38;5;3m[RouterExplorer] [39m[32mMapped {/api/impression/pharmacie-paiements/:id, POST} route[39m[38;5;3m +0ms[39m
[32m[Nest] 8292  - [39m30/09/2026 17:20:57 [32m    LOG[39m [38;5;3m[RouterExplorer] [39m[32mMapped {/api/impression/printers, GET} route[39m[38;5;3m +0ms[39m
[32m[Nest] 8292  - [39m30/09/2026 17:20:57 [32m    LOG[39m [38;5;3m[RouterExplorer] [39m[32mMapped {/api/impression/file, GET} route[39m[38;5;3m +1ms[39m
[32m[Nest] 8292  - [39m30/09/2026 17:20:57 [32m    LOG[39m [38;5;3m[RouterExplorer] [39m[32mMapped {/api/impression/file/:id/statut, POST} route[39m[38;5;3m +0ms[39m
[32m[Nest] 8292  - [39m30/09/2026 17:20:57 [32m    LOG[39m [38;5;3m[RouterExplorer] [39m[32mMapped {/api/impression/config, PUT} route[39m[38;5;3m +0ms[39m
[32m[Nest] 8292  - [39m30/09/2026 17:20:57 [32m    LOG[39m [38;5;3m[RouterExplorer] [39m[32mMapped {/api/impression/test, POST} route[39m[38;5;3m +0ms[39m
[32m[Nest] 8292  - [39m30/09/2026 17:20:57 [32m    LOG[39m [38;5;3m[RoutesResolver] [39m[32mCaisseController {/api/caisse}:[39m[38;5;3m +0ms[39m
[32m[Nest] 8292  - [39m30/09/2026 17:20:57 [32m    LOG[39m [38;5;3m[RouterExplorer] [39m[32mMapped {/api/caisse/recherche, GET} route[39m[38;5;3m +0ms[39m
[32m[Nest] 8292  - [39m30/09/2026 17:20:57 [32m    LOG[39m [38;5;3m[RouterExplorer] [39m[32mMapped {/api/caisse/file-attente, GET} route[39m[38;5;3m +0ms[39m
[32m[Nest] 8292  - [39m30/09/2026 17:20:57 [32m    LOG[39m [38;5;3m[RouterExplorer] [39m[32mMapped {/api/caisse/payes, GET} route[39m[38;5;3m +0ms[39m
[32m[Nest] 8292  - [39m30/09/2026 17:20:57 [32m    LOG[39m [38;5;3m[RouterExplorer] [39m[32mMapped {/api/caisse/passages/:id, GET} route[39m[38;5;3m +0ms[39m
[32m[Nest] 8292  - [39m30/09/2026 17:20:57 [32m    LOG[39m [38;5;3m[RouterExplorer] [39m[32mMapped {/api/caisse/paiements/:id, GET} route[39m[38;5;3m +0ms[39m
[32m[Nest] 8292  - [39m30/09/2026 17:20:57 [32m    LOG[39m [38;5;3m[RouterExplorer] [39m[32mMapped {/api/caisse/passages/:id/prestations, POST} route[39m[38;5;3m +0ms[39m
[32m[Nest] 8292  - [39m30/09/2026 17:20:57 [32m    LOG[39m [38;5;3m[RouterExplorer] [39m[32mMapped {/api/caisse/prestations/:id, DELETE} route[39m[38;5;3m +0ms[39m
[32m[Nest] 8292  - [39m30/09/2026 17:20:57 [32m    LOG[39m [38;5;3m[RouterExplorer] [39m[32mMapped {/api/caisse/passages/:id/encaisser, POST} route[39m[38;5;3m +0ms[39m
[32m[Nest] 8292  - [39m30/09/2026 17:20:57 [32m    LOG[39m [38;5;3m[RouterExplorer] [39m[32mMapped {/api/caisse/paiements/:id/annuler, POST} route[39m[38;5;3m +0ms[39m
[32m[Nest] 8292  - [39m30/09/2026 17:20:57 [32m    LOG[39m [38;5;3m[RouterExplorer] [39m[32mMapped {/api/caisse/passages/:id/credits, POST} route[39m[38;5;3m +0ms[39m
[32m[Nest] 8292  - [39m30/09/2026 17:20:57 [32m    LOG[39m [38;5;3m[RouterExplorer] [39m[32mMapped {/api/caisse/credits, GET} route[39m[38;5;3m +0ms[39m
[32m[Nest] 8292  - [39m30/09/2026 17:20:57 [32m    LOG[39m [38;5;3m[RouterExplorer] [39m[32mMapped {/api/caisse/credits/:id/annuler, POST} route[39m[38;5;3m +1ms[39m
[32m[Nest] 8292  - [39m30/09/2026 17:20:57 [32m    LOG[39m [38;5;3m[RoutesResolver] [39m[32mConsultationsController {/api/consultations}:[39m[38;5;3m +0ms[39m
[32m[Nest] 8292  - [39m30/09/2026 17:20:57 [32m    LOG[39m [38;5;3m[RouterExplorer] [39m[32mMapped {/api/consultations/recherche, GET} route[39m[38;5;3m +0ms[39m
[32m[Nest] 8292  - [39m30/09/2026 17:20:57 [32m    LOG[39m [38;5;3m[RouterExplorer] [39m[32mMapped {/api/consultations/passages/:id, GET} route[39m[38;5;3m +0ms[39m
[32m[Nest] 8292  - [39m30/09/2026 17:20:57 [32m    LOG[39m [38;5;3m[RouterExplorer] [39m[32mMapped {/api/consultations/passages/:id, POST} route[39m[38;5;3m +0ms[39m
[32m[Nest] 8292  - [39m30/09/2026 17:20:57 [32m    LOG[39m [38;5;3m[RouterExplorer] [39m[32mMapped {/api/consultations/:id/medicaments, POST} route[39m[38;5;3m +0ms[39m
[32m[Nest] 8292  - [39m30/09/2026 17:20:57 [32m    LOG[39m [38;5;3m[RouterExplorer] [39m[32mMapped {/api/consultations/medicaments/:id, DELETE} route[39m[38;5;3m +0ms[39m
[32m[Nest] 8292  - [39m30/09/2026 17:20:57 [32m    LOG[39m [38;5;3m[RouterExplorer] [39m[32mMapped {/api/consultations/:id/examens, POST} route[39m[38;5;3m +0ms[39m
[32m[Nest] 8292  - [39m30/09/2026 17:20:57 [32m    LOG[39m [38;5;3m[RouterExplorer] [39m[32mMapped {/api/consultations/:id/examens/ajouter, POST} route[39m[38;5;3m +0ms[39m
[32m[Nest] 8292  - [39m30/09/2026 17:20:57 [32m    LOG[39m [38;5;3m[RouterExplorer] [39m[32mMapped {/api/consultations/examens/:id, DELETE} route[39m[38;5;3m +0ms[39m
[32m[Nest] 8292  - [39m30/09/2026 17:20:57 [32m    LOG[39m [38;5;3m[RouterExplorer] [39m[32mMapped {/api/consultations/:id/ordonnance-sauvegarder, POST} route[39m[38;5;3m +0ms[39m
[32m[Nest] 8292  - [39m30/09/2026 17:20:57 [32m    LOG[39m [38;5;3m[RouterExplorer] [39m[32mMapped {/api/consultations/:id/certificat-arret, POST} route[39m[38;5;3m +0ms[39m
[32m[Nest] 8292  - [39m30/09/2026 17:20:57 [32m    LOG[39m [38;5;3m[RouterExplorer] [39m[32mMapped {/api/consultations/:id/certificats-arret, GET} route[39m[38;5;3m +0ms[39m
[32m[Nest] 8292  - [39m30/09/2026 17:20:57 [32m    LOG[39m [38;5;3m[RouterExplorer] [39m[32mMapped {/api/consultations/:id/valider, POST} route[39m[38;5;3m +0ms[39m
[32m[Nest] 8292  - [39m30/09/2026 17:20:57 [32m    LOG[39m [38;5;3m[RouterExplorer] [39m[32mMapped {/api/consultations/disponibilite, PUT} route[39m[38;5;3m +0ms[39m
[32m[Nest] 8292  - [39m30/09/2026 17:20:57 [32m    LOG[39m [38;5;3m[RouterExplorer] [39m[32mMapped {/api/consultations/ping, POST} route[39m[38;5;3m +0ms[39m
[32m[Nest] 8292  - [39m30/09/2026 17:20:57 [32m    LOG[39m [38;5;3m[RouterExplorer] [39m[32mMapped {/api/consultations/moi, GET} route[39m[38;5;3m +0ms[39m
[32m[Nest] 8292  - [39m30/09/2026 17:20:57 [32m    LOG[39m [38;5;3m[RouterExplorer] [39m[32mMapped {/api/consultations/affectations/:id/ouvrir, POST} route[39m[38;5;3m +1ms[39m
[32m[Nest] 8292  - [39m30/09/2026 17:20:57 [32m    LOG[39m [38;5;3m[RouterExplorer] [39m[32mMapped {/api/consultations/affectations/:id/fermer, POST} route[39m[38;5;3m +0ms[39m
[32m[Nest] 8292  - [39m30/09/2026 17:20:57 [32m    LOG[39m [38;5;3m[RoutesResolver] [39m[32mMedicamentsController {/api/medicaments}:[39m[38;5;3m +0ms[39m
[32m[Nest] 8292  - [39m30/09/2026 17:20:57 [32m    LOG[39m [38;5;3m[RouterExplorer] [39m[32mMapped {/api/medicaments, GET} route[39m[38;5;3m +0ms[39m
[32m[Nest] 8292  - [39m30/09/2026 17:20:57 [32m    LOG[39m [38;5;3m[RouterExplorer] [39m[32mMapped {/api/medicaments, POST} route[39m[38;5;3m +0ms[39m
[32m[Nest] 8292  - [39m30/09/2026 17:20:57 [32m    LOG[39m [38;5;3m[RouterExplorer] [39m[32mMapped {/api/medicaments/:id, PATCH} route[39m[38;5;3m +0ms[39m
[32m[Nest] 8292  - [39m30/09/2026 17:20:57 [32m    LOG[39m [38;5;3m[RouterExplorer] [39m[32mMapped {/api/medicaments/:id, DELETE} route[39m[38;5;3m +0ms[39m
[32m[Nest] 8292  - [39m30/09/2026 17:20:57 [32m    LOG[39m [38;5;3m[RouterExplorer] [39m[32mMapped {/api/medicaments/import, POST} route[39m[38;5;3m +0ms[39m
[32m[Nest] 8292  - [39m30/09/2026 17:20:57 [32m    LOG[39m [38;5;3m[RoutesResolver] [39m[32mPharmacieController {/api/pharmacie}:[39m[38;5;3m +0ms[39m
[32m[Nest] 8292  - [39m30/09/2026 17:20:57 [32m    LOG[39m [38;5;3m[RouterExplorer] [39m[32mMapped {/api/pharmacie/ordonnances, GET} route[39m[38;5;3m +2ms[39m
[32m[Nest] 8292  - [39m30/09/2026 17:20:57 [32m    LOG[39m [38;5;3m[RouterExplorer] [39m[32mMapped {/api/pharmacie/consultations/:id, GET} route[39m[38;5;3m +1ms[39m
[32m[Nest] 8292  - [39m30/09/2026 17:20:57 [32m    LOG[39m [38;5;3m[RouterExplorer] [39m[32mMapped {/api/pharmacie/dispensations/:consultationId, POST} route[39m[38;5;3m +0ms[39m
[32m[Nest] 8292  - [39m30/09/2026 17:20:57 [32m    LOG[39m [38;5;3m[RouterExplorer] [39m[32mMapped {/api/pharmacie/dispensations/:id/cloturer, POST} route[39m[38;5;3m +0ms[39m
[32m[Nest] 8292  - [39m30/09/2026 17:20:57 [32m    LOG[39m [38;5;3m[RouterExplorer] [39m[32mMapped {/api/pharmacie/dispensations/:id/payer, POST} route[39m[38;5;3m +0ms[39m
[32m[Nest] 8292  - [39m30/09/2026 17:20:57 [32m    LOG[39m [38;5;3m[RouterExplorer] [39m[32mMapped {/api/pharmacie/paiements/:id/annuler, POST} route[39m[38;5;3m +0ms[39m
[32m[Nest] 8292  - [39m30/09/2026 17:20:57 [32m    LOG[39m [38;5;3m[RouterExplorer] [39m[32mMapped {/api/pharmacie/stocks, GET} route[39m[38;5;3m +0ms[39m
[32m[Nest] 8292  - [39m30/09/2026 17:20:57 [32m    LOG[39m [38;5;3m[RouterExplorer] [39m[32mMapped {/api/pharmacie/entrees, POST} route[39m[38;5;3m +0ms[39m
[32m[Nest] 8292  - [39m30/09/2026 17:20:57 [32m    LOG[39m [38;5;3m[RouterExplorer] [39m[32mMapped {/api/pharmacie/inventaire, POST} route[39m[38;5;3m +0ms[39m
[32m[Nest] 8292  - [39m30/09/2026 17:20:57 [32m    LOG[39m [38;5;3m[RouterExplorer] [39m[32mMapped {/api/pharmacie/lots/inventaire-multiple, POST} route[39m[38;5;3m +0ms[39m
[32m[Nest] 8292  - [39m30/09/2026 17:20:57 [32m    LOG[39m [38;5;3m[RouterExplorer] [39m[32mMapped {/api/pharmacie/lots/:medicamentId, GET} route[39m[38;5;3m +0ms[39m
[32m[Nest] 8292  - [39m30/09/2026 17:20:57 [32m    LOG[39m [38;5;3m[RouterExplorer] [39m[32mMapped {/api/pharmacie/lots, GET} route[39m[38;5;3m +1ms[39m
[32m[Nest] 8292  - [39m30/09/2026 17:20:57 [32m    LOG[39m [38;5;3m[RouterExplorer] [39m[32mMapped {/api/pharmacie/lots/:id/inventaire, POST} route[39m[38;5;3m +0ms[39m
[32m[Nest] 8292  - [39m30/09/2026 17:20:57 [32m    LOG[39m [38;5;3m[RouterExplorer] [39m[32mMapped {/api/pharmacie/mouvements/:medicamentId, GET} route[39m[38;5;3m +0ms[39m
[32m[Nest] 8292  - [39m30/09/2026 17:20:57 [32m    LOG[39m [38;5;3m[RouterExplorer] [39m[32mMapped {/api/pharmacie/alertes, GET} route[39m[38;5;3m +0ms[39m
[32m[Nest] 8292  - [39m30/09/2026 17:20:57 [32m    LOG[39m [38;5;3m[RouterExplorer] [39m[32mMapped {/api/pharmacie/seuils/recalculer, POST} route[39m[38;5;3m +0ms[39m
[32m[Nest] 8292  - [39m30/09/2026 17:20:57 [32m    LOG[39m [38;5;3m[RouterExplorer] [39m[32mMapped {/api/pharmacie/consommables, GET} route[39m[38;5;3m +0ms[39m
[32m[Nest] 8292  - [39m30/09/2026 17:20:57 [32m    LOG[39m [38;5;3m[RouterExplorer] [39m[32mMapped {/api/pharmacie/consommables, POST} route[39m[38;5;3m +0ms[39m
[32m[Nest] 8292  - [39m30/09/2026 17:20:57 [32m    LOG[39m [38;5;3m[RouterExplorer] [39m[32mMapped {/api/pharmacie/consommables/:id/maj, POST} route[39m[38;5;3m +0ms[39m
[32m[Nest] 8292  - [39m30/09/2026 17:20:57 [32m    LOG[39m [38;5;3m[RouterExplorer] [39m[32mMapped {/api/pharmacie/consommables/:id/mouvement, POST} route[39m[38;5;3m +1ms[39m
[32m[Nest] 8292  - [39m30/09/2026 17:20:57 [32m    LOG[39m [38;5;3m[RouterExplorer] [39m[32mMapped {/api/pharmacie/consommables/:id/mouvements, GET} route[39m[38;5;3m +0ms[39m
[32m[Nest] 8292  - [39m30/09/2026 17:20:57 [32m    LOG[39m [38;5;3m[RoutesResolver] [39m[32mLaboratoireController {/api/laboratoire}:[39m[38;5;3m +0ms[39m
[32m[Nest] 8292  - [39m30/09/2026 17:20:57 [32m    LOG[39m [38;5;3m[RouterExplorer] [39m[32mMapped {/api/laboratoire/recherche, GET} route[39m[38;5;3m +0ms[39m
[32m[Nest] 8292  - [39m30/09/2026 17:20:57 [32m    LOG[39m [38;5;3m[RouterExplorer] [39m[32mMapped {/api/laboratoire/file, GET} route[39m[38;5;3m +0ms[39m
[32m[Nest] 8292  - [39m30/09/2026 17:20:57 [32m    LOG[39m [38;5;3m[RouterExplorer] [39m[32mMapped {/api/laboratoire/passages/:id, GET} route[39m[38;5;3m +0ms[39m
[32m[Nest] 8292  - [39m30/09/2026 17:20:57 [32m    LOG[39m [38;5;3m[RouterExplorer] [39m[32mMapped {/api/laboratoire/passages/:id/prelevements, POST} route[39m[38;5;3m +0ms[39m
[32m[Nest] 8292  - [39m30/09/2026 17:20:57 [32m    LOG[39m [38;5;3m[RouterExplorer] [39m[32mMapped {/api/laboratoire/examens/:id/resultats, PUT} route[39m[38;5;3m +0ms[39m
[32m[Nest] 8292  - [39m30/09/2026 17:20:57 [32m    LOG[39m [38;5;3m[RouterExplorer] [39m[32mMapped {/api/laboratoire/examens/:id/valider, POST} route[39m[38;5;3m +0ms[39m
[32m[Nest] 8292  - [39m30/09/2026 17:20:57 [32m    LOG[39m [38;5;3m[RouterExplorer] [39m[32mMapped {/api/laboratoire/examens, GET} route[39m[38;5;3m +0ms[39m
[32m[Nest] 8292  - [39m30/09/2026 17:20:57 [32m    LOG[39m [38;5;3m[RoutesResolver] [39m[32mImagerieController {/api/imagerie}:[39m[38;5;3m +0ms[39m
[32m[Nest] 8292  - [39m30/09/2026 17:20:57 [32m    LOG[39m [38;5;3m[RouterExplorer] [39m[32mMapped {/api/imagerie/recherche, GET} route[39m[38;5;3m +0ms[39m
[32m[Nest] 8292  - [39m30/09/2026 17:20:57 [32m    LOG[39m [38;5;3m[RouterExplorer] [39m[32mMapped {/api/imagerie/file, GET} route[39m[38;5;3m +0ms[39m
[32m[Nest] 8292  - [39m30/09/2026 17:20:57 [32m    LOG[39m [38;5;3m[RouterExplorer] [39m[32mMapped {/api/imagerie/passages/:id, GET} route[39m[38;5;3m +1ms[39m
[32m[Nest] 8292  - [39m30/09/2026 17:20:57 [32m    LOG[39m [38;5;3m[RouterExplorer] [39m[32mMapped {/api/imagerie/passages/:id/examens, POST} route[39m[38;5;3m +0ms[39m
[32m[Nest] 8292  - [39m30/09/2026 17:20:57 [32m    LOG[39m [38;5;3m[RouterExplorer] [39m[32mMapped {/api/imagerie/examens/:id/valider, POST} route[39m[38;5;3m +0ms[39m
[32m[Nest] 8292  - [39m30/09/2026 17:20:57 [32m    LOG[39m [38;5;3m[RouterExplorer] [39m[32mMapped {/api/imagerie/examens, GET} route[39m[38;5;3m +0ms[39m
[32m[Nest] 8292  - [39m30/09/2026 17:20:57 [32m    LOG[39m [38;5;3m[RouterExplorer] [39m[32mMapped {/api/imagerie/fiches-types, GET} route[39m[38;5;3m +0ms[39m
[32m[Nest] 8292  - [39m30/09/2026 17:20:57 [32m    LOG[39m [38;5;3m[RouterExplorer] [39m[32mMapped {/api/imagerie/fiches-types, POST} route[39m[38;5;3m +0ms[39m
[32m[Nest] 8292  - [39m30/09/2026 17:20:57 [32m    LOG[39m [38;5;3m[RouterExplorer] [39m[32mMapped {/api/imagerie/fiches-types/:id, PATCH} route[39m[38;5;3m +0ms[39m
[32m[Nest] 8292  - [39m30/09/2026 17:20:57 [32m    LOG[39m [38;5;3m[RouterExplorer] [39m[32mMapped {/api/imagerie/fiches-types/:id, DELETE} route[39m[38;5;3m +0ms[39m
[32m[Nest] 8292  - [39m30/09/2026 17:20:57 [32m    LOG[39m [38;5;3m[RouterExplorer] [39m[32mMapped {/api/imagerie/passages/:id/fiches, GET} route[39m[38;5;3m +0ms[39m
[32m[Nest] 8292  - [39m30/09/2026 17:20:57 [32m    LOG[39m [38;5;3m[RouterExplorer] [39m[32mMapped {/api/imagerie/passages/:id/fiches, POST} route[39m[38;5;3m +0ms[39m
[32m[Nest] 8292  - [39m30/09/2026 17:20:57 [32m    LOG[39m [38;5;3m[RouterExplorer] [39m[32mMapped {/api/imagerie/fiches/:id, PATCH} route[39m[38;5;3m +0ms[39m
[32m[Nest] 8292  - [39m30/09/2026 17:20:57 [32m    LOG[39m [38;5;3m[RouterExplorer] [39m[32mMapped {/api/imagerie/fiches/:id/imprimer, POST} route[39m[38;5;3m +0ms[39m
[32m[Nest] 8292  - [39m30/09/2026 17:20:57 [32m    LOG[39m [38;5;3m[RoutesResolver] [39m[32mHospitalisationController {/api/hospitalisation}:[39m[38;5;3m +0ms[39m
[32m[Nest] 8292  - [39m30/09/2026 17:20:57 [32m    LOG[39m [38;5;3m[RouterExplorer] [39m[32mMapped {/api/hospitalisation/types-chambres, GET} route[39m[38;5;3m +0ms[39m
[32m[Nest] 8292  - [39m30/09/2026 17:20:57 [32m    LOG[39m [38;5;3m[RouterExplorer] [39m[32mMapped {/api/hospitalisation/types-chambres, POST} route[39m[38;5;3m +0ms[39m
[32m[Nest] 8292  - [39m30/09/2026 17:20:57 [32m    LOG[39m [38;5;3m[RouterExplorer] [39m[32mMapped {/api/hospitalisation/types-chambres/:id, PATCH} route[39m[38;5;3m +0ms[39m
[32m[Nest] 8292  - [39m30/09/2026 17:20:57 [32m    LOG[39m [38;5;3m[RouterExplorer] [39m[32mMapped {/api/hospitalisation/types-chambres/:id, DELETE} route[39m[38;5;3m +0ms[39m
[32m[Nest] 8292  - [39m30/09/2026 17:20:57 [32m    LOG[39m [38;5;3m[RouterExplorer] [39m[32mMapped {/api/hospitalisation/chambres, GET} route[39m[38;5;3m +0ms[39m
[32m[Nest] 8292  - [39m30/09/2026 17:20:57 [32m    LOG[39m [38;5;3m[RouterExplorer] [39m[32mMapped {/api/hospitalisation/chambres, POST} route[39m[38;5;3m +0ms[39m
[32m[Nest] 8292  - [39m30/09/2026 17:20:57 [32m    LOG[39m [38;5;3m[RouterExplorer] [39m[32mMapped {/api/hospitalisation/chambres/:id, PATCH} route[39m[38;5;3m +1ms[39m
[32m[Nest] 8292  - [39m30/09/2026 17:20:57 [32m    LOG[39m [38;5;3m[RouterExplorer] [39m[32mMapped {/api/hospitalisation/chambres/:id, DELETE} route[39m[38;5;3m +0ms[39m
[32m[Nest] 8292  - [39m30/09/2026 17:20:57 [32m    LOG[39m [38;5;3m[RouterExplorer] [39m[32mMapped {/api/hospitalisation/chambres/:id/lits, POST} route[39m[38;5;3m +0ms[39m
[32m[Nest] 8292  - [39m30/09/2026 17:20:57 [32m    LOG[39m [38;5;3m[RouterExplorer] [39m[32mMapped {/api/hospitalisation/lits/:id, DELETE} route[39m[38;5;3m +0ms[39m
[32m[Nest] 8292  - [39m30/09/2026 17:20:57 [32m    LOG[39m [38;5;3m[RouterExplorer] [39m[32mMapped {/api/hospitalisation/lits, GET} route[39m[38;5;3m +0ms[39m
[32m[Nest] 8292  - [39m30/09/2026 17:20:57 [32m    LOG[39m [38;5;3m[RouterExplorer] [39m[32mMapped {/api/hospitalisation/recherche, GET} route[39m[38;5;3m +0ms[39m
[32m[Nest] 8292  - [39m30/09/2026 17:20:57 [32m    LOG[39m [38;5;3m[RouterExplorer] [39m[32mMapped {/api/hospitalisation/passages/:id, GET} route[39m[38;5;3m +0ms[39m
[32m[Nest] 8292  - [39m30/09/2026 17:20:57 [32m    LOG[39m [38;5;3m[RouterExplorer] [39m[32mMapped {/api/hospitalisation/passages/:id/admissions, POST} route[39m[38;5;3m +0ms[39m
[32m[Nest] 8292  - [39m30/09/2026 17:20:57 [32m    LOG[39m [38;5;3m[RouterExplorer] [39m[32mMapped {/api/hospitalisation/sejours/:id, PATCH} route[39m[38;5;3m +0ms[39m
[32m[Nest] 8292  - [39m30/09/2026 17:20:57 [32m    LOG[39m [38;5;3m[RouterExplorer] [39m[32mMapped {/api/hospitalisation/sejours/:id/sortie, POST} route[39m[38;5;3m +0ms[39m
[32m[Nest] 8292  - [39m30/09/2026 17:20:57 [32m    LOG[39m [38;5;3m[RouterExplorer] [39m[32mMapped {/api/hospitalisation/sejours, GET} route[39m[38;5;3m +0ms[39m
[32m[Nest] 8292  - [39m30/09/2026 17:20:57 [32m    LOG[39m [38;5;3m[RoutesResolver] [39m[32mCliniquesController {/api/cliniques}:[39m[38;5;3m +0ms[39m
[32m[Nest] 8292  - [39m30/09/2026 17:20:57 [32m    LOG[39m [38;5;3m[RouterExplorer] [39m[32mMapped {/api/cliniques, GET} route[39m[38;5;3m +0ms[39m
[32m[Nest] 8292  - [39m30/09/2026 17:20:57 [32m    LOG[39m [38;5;3m[RouterExplorer] [39m[32mMapped {/api/cliniques/:id, GET} route[39m[38;5;3m +0ms[39m
[32m[Nest] 8292  - [39m30/09/2026 17:20:57 [32m    LOG[39m [38;5;3m[RouterExplorer] [39m[32mMapped {/api/cliniques, POST} route[39m[38;5;3m +0ms[39m
[32m[Nest] 8292  - [39m30/09/2026 17:20:57 [32m    LOG[39m [38;5;3m[RouterExplorer] [39m[32mMapped {/api/cliniques/:id, PATCH} route[39m[38;5;3m +0ms[39m
[32m[Nest] 8292  - [39m30/09/2026 17:20:57 [32m    LOG[39m [38;5;3m[RouterExplorer] [39m[32mMapped {/api/cliniques/:id, DELETE} route[39m[38;5;3m +0ms[39m
[32m[Nest] 8292  - [39m30/09/2026 17:20:57 [32m    LOG[39m [38;5;3m[RoutesResolver] [39m[32mServicesController {/api/services}:[39m[38;5;3m +0ms[39m
[32m[Nest] 8292  - [39m30/09/2026 17:20:57 [32m    LOG[39m [38;5;3m[RouterExplorer] [39m[32mMapped {/api/services, GET} route[39m[38;5;3m +0ms[39m
[32m[Nest] 8292  - [39m30/09/2026 17:20:57 [32m    LOG[39m [38;5;3m[RouterExplorer] [39m[32mMapped {/api/services/:id, GET} route[39m[38;5;3m +0ms[39m
[32m[Nest] 8292  - [39m30/09/2026 17:20:57 [32m    LOG[39m [38;5;3m[RouterExplorer] [39m[32mMapped {/api/services, POST} route[39m[38;5;3m +0ms[39m
[32m[Nest] 8292  - [39m30/09/2026 17:20:57 [32m    LOG[39m [38;5;3m[RouterExplorer] [39m[32mMapped {/api/services/:id, PATCH} route[39m[38;5;3m +0ms[39m
[32m[Nest] 8292  - [39m30/09/2026 17:20:57 [32m    LOG[39m [38;5;3m[RouterExplorer] [39m[32mMapped {/api/services/:id, DELETE} route[39m[38;5;3m +0ms[39m
[32m[Nest] 8292  - [39m30/09/2026 17:20:57 [32m    LOG[39m [38;5;3m[RoutesResolver] [39m[32mPersonnelController {/api/personnel}:[39m[38;5;3m +0ms[39m
[32m[Nest] 8292  - [39m30/09/2026 17:20:57 [32m    LOG[39m [38;5;3m[RouterExplorer] [39m[32mMapped {/api/personnel, GET} route[39m[38;5;3m +0ms[39m
[32m[Nest] 8292  - [39m30/09/2026 17:20:57 [32m    LOG[39m [38;5;3m[RouterExplorer] [39m[32mMapped {/api/personnel/:id, GET} route[39m[38;5;3m +0ms[39m
[32m[Nest] 8292  - [39m30/09/2026 17:20:57 [32m    LOG[39m [38;5;3m[RouterExplorer] [39m[32mMapped {/api/personnel, POST} route[39m[38;5;3m +0ms[39m
[32m[Nest] 8292  - [39m30/09/2026 17:20:57 [32m    LOG[39m [38;5;3m[RouterExplorer] [39m[32mMapped {/api/personnel/:id, PATCH} route[39m[38;5;3m +0ms[39m
[32m[Nest] 8292  - [39m30/09/2026 17:20:57 [32m    LOG[39m [38;5;3m[RouterExplorer] [39m[32mMapped {/api/personnel/:id, DELETE} route[39m[38;5;3m +0ms[39m
[32m[Nest] 8292  - [39m30/09/2026 17:20:57 [32m    LOG[39m [38;5;3m[RoutesResolver] [39m[32mUtilisateursController {/api/utilisateurs}:[39m[38;5;3m +0ms[39m
[32m[Nest] 8292  - [39m30/09/2026 17:20:57 [32m    LOG[39m [38;5;3m[RouterExplorer] [39m[32mMapped {/api/utilisateurs, GET} route[39m[38;5;3m +0ms[39m
[32m[Nest] 8292  - [39m30/09/2026 17:20:57 [32m    LOG[39m [38;5;3m[RouterExplorer] [39m[32mMapped {/api/utilisateurs/:id, GET} route[39m[38;5;3m +0ms[39m
[32m[Nest] 8292  - [39m30/09/2026 17:20:57 [32m    LOG[39m [38;5;3m[RouterExplorer] [39m[32mMapped {/api/utilisateurs, POST} route[39m[38;5;3m +0ms[39m
[32m[Nest] 8292  - [39m30/09/2026 17:20:57 [32m    LOG[39m [38;5;3m[RouterExplorer] [39m[32mMapped {/api/utilisateurs/:id, PATCH} route[39m[38;5;3m +0ms[39m
[32m[Nest] 8292  - [39m30/09/2026 17:20:57 [32m    LOG[39m [38;5;3m[RouterExplorer] [39m[32mMapped {/api/utilisateurs/:id/reinitialiser-mot-de-passe, POST} route[39m[38;5;3m +0ms[39m
[32m[Nest] 8292  - [39m30/09/2026 17:20:57 [32m    LOG[39m [38;5;3m[RouterExplorer] [39m[32mMapped {/api/utilisateurs/:id, DELETE} route[39m[38;5;3m +0ms[39m
[32m[Nest] 8292  - [39m30/09/2026 17:20:57 [32m    LOG[39m [38;5;3m[RoutesResolver] [39m[32mRolesController {/api/roles}:[39m[38;5;3m +0ms[39m
[32m[Nest] 8292  - [39m30/09/2026 17:20:57 [32m    LOG[39m [38;5;3m[RouterExplorer] [39m[32mMapped {/api/roles, GET} route[39m[38;5;3m +0ms[39m
[32m[Nest] 8292  - [39m30/09/2026 17:20:57 [32m    LOG[39m [38;5;3m[RouterExplorer] [39m[32mMapped {/api/roles/:id, GET} route[39m[38;5;3m +0ms[39m
[32m[Nest] 8292  - [39m30/09/2026 17:20:57 [32m    LOG[39m [38;5;3m[RouterExplorer] [39m[32mMapped {/api/roles, POST} route[39m[38;5;3m +0ms[39m
[32m[Nest] 8292  - [39m30/09/2026 17:20:57 [32m    LOG[39m [38;5;3m[RouterExplorer] [39m[32mMapped {/api/roles/:id, PATCH} route[39m[38;5;3m +1ms[39m
[32m[Nest] 8292  - [39m30/09/2026 17:20:57 [32m    LOG[39m [38;5;3m[RouterExplorer] [39m[32mMapped {/api/roles/:id, DELETE} route[39m[38;5;3m +0ms[39m
[32m[Nest] 8292  - [39m30/09/2026 17:20:57 [32m    LOG[39m [38;5;3m[RoutesResolver] [39m[32mModulesController {/api/modules}:[39m[38;5;3m +0ms[39m
[32m[Nest] 8292  - [39m30/09/2026 17:20:57 [32m    LOG[39m [38;5;3m[RouterExplorer] [39m[32mMapped {/api/modules, GET} route[39m[38;5;3m +0ms[39m
[32m[Nest] 8292  - [39m30/09/2026 17:20:57 [32m    LOG[39m [38;5;3m[RoutesResolver] [39m[32mPrestationsController {/api/prestations}:[39m[38;5;3m +0ms[39m
[32m[Nest] 8292  - [39m30/09/2026 17:20:57 [32m    LOG[39m [38;5;3m[RouterExplorer] [39m[32mMapped {/api/prestations, GET} route[39m[38;5;3m +0ms[39m
[32m[Nest] 8292  - [39m30/09/2026 17:20:57 [32m    LOG[39m [38;5;3m[RouterExplorer] [39m[32mMapped {/api/prestations/:id, GET} route[39m[38;5;3m +0ms[39m
[32m[Nest] 8292  - [39m30/09/2026 17:20:57 [32m    LOG[39m [38;5;3m[RouterExplorer] [39m[32mMapped {/api/prestations, POST} route[39m[38;5;3m +0ms[39m
[32m[Nest] 8292  - [39m30/09/2026 17:20:57 [32m    LOG[39m [38;5;3m[RouterExplorer] [39m[32mMapped {/api/prestations/:id, PATCH} route[39m[38;5;3m +0ms[39m
[32m[Nest] 8292  - [39m30/09/2026 17:20:57 [32m    LOG[39m [38;5;3m[RouterExplorer] [39m[32mMapped {/api/prestations/:id, DELETE} route[39m[38;5;3m +0ms[39m
[32m[Nest] 8292  - [39m30/09/2026 17:20:57 [32m    LOG[39m [38;5;3m[RoutesResolver] [39m[32mParametresController {/api/parametres}:[39m[38;5;3m +0ms[39m
[32m[Nest] 8292  - [39m30/09/2026 17:20:57 [32m    LOG[39m [38;5;3m[RouterExplorer] [39m[32mMapped {/api/parametres/:cliniqueId, GET} route[39m[38;5;3m +0ms[39m
[32m[Nest] 8292  - [39m30/09/2026 17:20:57 [32m    LOG[39m [38;5;3m[RouterExplorer] [39m[32mMapped {/api/parametres/:cliniqueId, PATCH} route[39m[38;5;3m +0ms[39m
[32m[Nest] 8292  - [39m30/09/2026 17:20:57 [32m    LOG[39m [38;5;3m[RoutesResolver] [39m[32mStatistiquesController {/api/statistiques}:[39m[38;5;3m +0ms[39m
[32m[Nest] 8292  - [39m30/09/2026 17:20:57 [32m    LOG[39m [38;5;3m[RouterExplorer] [39m[32mMapped {/api/statistiques/tableau-bord, GET} route[39m[38;5;3m +0ms[39m
[32m[Nest] 8292  - [39m30/09/2026 17:20:57 [32m    LOG[39m [38;5;3m[RouterExplorer] [39m[32mMapped {/api/statistiques/frequentation, GET} route[39m[38;5;3m +0ms[39m
[32m[Nest] 8292  - [39m30/09/2026 17:20:57 [32m    LOG[39m [38;5;3m[RouterExplorer] [39m[32mMapped {/api/statistiques/recettes, GET} route[39m[38;5;3m +0ms[39m
[32m[Nest] 8292  - [39m30/09/2026 17:20:57 [32m    LOG[39m [38;5;3m[RouterExplorer] [39m[32mMapped {/api/statistiques/laboratoire, GET} route[39m[38;5;3m +0ms[39m
[32m[Nest] 8292  - [39m30/09/2026 17:20:57 [32m    LOG[39m [38;5;3m[RouterExplorer] [39m[32mMapped {/api/statistiques/imagerie, GET} route[39m[38;5;3m +0ms[39m
[32m[Nest] 8292  - [39m30/09/2026 17:20:57 [32m    LOG[39m [38;5;3m[RouterExplorer] [39m[32mMapped {/api/statistiques/hospitalisation, GET} route[39m[38;5;3m +1ms[39m
[32m[Nest] 8292  - [39m30/09/2026 17:20:57 [32m    LOG[39m [38;5;3m[RouterExplorer] [39m[32mMapped {/api/statistiques/pharmacie, GET} route[39m[38;5;3m +0ms[39m
[32m[Nest] 8292  - [39m30/09/2026 17:20:57 [32m    LOG[39m [38;5;3m[RouterExplorer] [39m[32mMapped {/api/statistiques/maternite, GET} route[39m[38;5;3m +0ms[39m
[32m[Nest] 8292  - [39m30/09/2026 17:20:57 [32m    LOG[39m [38;5;3m[RoutesResolver] [39m[32mListesParametresController {/api/listes-parametres}:[39m[38;5;3m +0ms[39m
[32m[Nest] 8292  - [39m30/09/2026 17:20:57 [32m    LOG[39m [38;5;3m[RouterExplorer] [39m[32mMapped {/api/listes-parametres, GET} route[39m[38;5;3m +0ms[39m
[32m[Nest] 8292  - [39m30/09/2026 17:20:57 [32m    LOG[39m [38;5;3m[RouterExplorer] [39m[32mMapped {/api/listes-parametres, POST} route[39m[38;5;3m +0ms[39m
[32m[Nest] 8292  - [39m30/09/2026 17:20:57 [32m    LOG[39m [38;5;3m[RouterExplorer] [39m[32mMapped {/api/listes-parametres/import, POST} route[39m[38;5;3m +0ms[39m
[32m[Nest] 8292  - [39m30/09/2026 17:20:57 [32m    LOG[39m [38;5;3m[RouterExplorer] [39m[32mMapped {/api/listes-parametres/:id, PATCH} route[39m[38;5;3m +0ms[39m
[32m[Nest] 8292  - [39m30/09/2026 17:20:57 [32m    LOG[39m [38;5;3m[RouterExplorer] [39m[32mMapped {/api/listes-parametres/:id, DELETE} route[39m[38;5;3m +0ms[39m
[32m[Nest] 8292  - [39m30/09/2026 17:20:57 [32m    LOG[39m [38;5;3m[RoutesResolver] [39m[32mParametresListesController {/api}:[39m[38;5;3m +0ms[39m
[32m[Nest] 8292  - [39m30/09/2026 17:20:57 [32m    LOG[39m [38;5;3m[RouterExplorer] [39m[32mMapped {/api/fonctions, GET} route[39m[38;5;3m +0ms[39m
[32m[Nest] 8292  - [39m30/09/2026 17:20:57 [32m    LOG[39m [38;5;3m[RouterExplorer] [39m[32mMapped {/api/fonctions, POST} route[39m[38;5;3m +0ms[39m
[32m[Nest] 8292  - [39m30/09/2026 17:20:57 [32m    LOG[39m [38;5;3m[RouterExplorer] [39m[32mMapped {/api/fonctions/:id, PATCH} route[39m[38;5;3m +0ms[39m
[32m[Nest] 8292  - [39m30/09/2026 17:20:57 [32m    LOG[39m [38;5;3m[RouterExplorer] [39m[32mMapped {/api/fonctions/:id, DELETE} route[39m[38;5;3m +0ms[39m
[32m[Nest] 8292  - [39m30/09/2026 17:20:57 [32m    LOG[39m [38;5;3m[RouterExplorer] [39m[32mMapped {/api/posologies, GET} route[39m[38;5;3m +0ms[39m
[32m[Nest] 8292  - [39m30/09/2026 17:20:57 [32m    LOG[39m [38;5;3m[RouterExplorer] [39m[32mMapped {/api/posologies, POST} route[39m[38;5;3m +0ms[39m
[32m[Nest] 8292  - [39m30/09/2026 17:20:57 [32m    LOG[39m [38;5;3m[RouterExplorer] [39m[32mMapped {/api/posologies/:id, PATCH} route[39m[38;5;3m +0ms[39m
[32m[Nest] 8292  - [39m30/09/2026 17:20:57 [32m    LOG[39m [38;5;3m[RouterExplorer] [39m[32mMapped {/api/posologies/:id, DELETE} route[39m[38;5;3m +1ms[39m
[32m[Nest] 8292  - [39m30/09/2026 17:20:57 [32m    LOG[39m [38;5;3m[RouterExplorer] [39m[32mMapped {/api/diagnostics, GET} route[39m[38;5;3m +0ms[39m
[32m[Nest] 8292  - [39m30/09/2026 17:20:57 [32m    LOG[39m [38;5;3m[RouterExplorer] [39m[32mMapped {/api/diagnostics, POST} route[39m[38;5;3m +0ms[39m
[32m[Nest] 8292  - [39m30/09/2026 17:20:57 [32m    LOG[39m [38;5;3m[RouterExplorer] [39m[32mMapped {/api/diagnostics/:id, PATCH} route[39m[38;5;3m +0ms[39m
[32m[Nest] 8292  - [39m30/09/2026 17:20:57 [32m    LOG[39m [38;5;3m[RouterExplorer] [39m[32mMapped {/api/diagnostics/:id, DELETE} route[39m[38;5;3m +0ms[39m
[32m[Nest] 8292  - [39m30/09/2026 17:20:57 [32m    LOG[39m [38;5;3m[RouterExplorer] [39m[32mMapped {/api/pathologies, GET} route[39m[38;5;3m +0ms[39m
[32m[Nest] 8292  - [39m30/09/2026 17:20:57 [32m    LOG[39m [38;5;3m[RouterExplorer] [39m[32mMapped {/api/pathologies, POST} route[39m[38;5;3m +0ms[39m
[32m[Nest] 8292  - [39m30/09/2026 17:20:57 [32m    LOG[39m [38;5;3m[RouterExplorer] [39m[32mMapped {/api/pathologies/:id, PATCH} route[39m[38;5;3m +0ms[39m
[32m[Nest] 8292  - [39m30/09/2026 17:20:57 [32m    LOG[39m [38;5;3m[RouterExplorer] [39m[32mMapped {/api/pathologies/:id, DELETE} route[39m[38;5;3m +0ms[39m
[32m[Nest] 8292  - [39m30/09/2026 17:20:57 [32m    LOG[39m [38;5;3m[RouterExplorer] [39m[32mMapped {/api/nationalites, GET} route[39m[38;5;3m +0ms[39m
[32m[Nest] 8292  - [39m30/09/2026 17:20:57 [32m    LOG[39m [38;5;3m[RouterExplorer] [39m[32mMapped {/api/nationalites, POST} route[39m[38;5;3m +0ms[39m
[32m[Nest] 8292  - [39m30/09/2026 17:20:57 [32m    LOG[39m [38;5;3m[RouterExplorer] [39m[32mMapped {/api/nationalites/:id, PATCH} route[39m[38;5;3m +0ms[39m
[32m[Nest] 8292  - [39m30/09/2026 17:20:57 [32m    LOG[39m [38;5;3m[RouterExplorer] [39m[32mMapped {/api/nationalites/:id, DELETE} route[39m[38;5;3m +0ms[39m
[32m[Nest] 8292  - [39m30/09/2026 17:20:57 [32m    LOG[39m [38;5;3m[RouterExplorer] [39m[32mMapped {/api/residences, GET} route[39m[38;5;3m +0ms[39m
[32m[Nest] 8292  - [39m30/09/2026 17:20:57 [32m    LOG[39m [38;5;3m[RouterExplorer] [39m[32mMapped {/api/residences, POST} route[39m[38;5;3m +0ms[39m
[32m[Nest] 8292  - [39m30/09/2026 17:20:57 [32m    LOG[39m [38;5;3m[RouterExplorer] [39m[32mMapped {/api/residences/:id, PATCH} route[39m[38;5;3m +0ms[39m
[32m[Nest] 8292  - [39m30/09/2026 17:20:57 [32m    LOG[39m [38;5;3m[RouterExplorer] [39m[32mMapped {/api/residences/:id, DELETE} route[39m[38;5;3m +0ms[39m
[32m[Nest] 8292  - [39m30/09/2026 17:20:57 [32m    LOG[39m [38;5;3m[RouterExplorer] [39m[32mMapped {/api/fournisseurs, GET} route[39m[38;5;3m +0ms[39m
[32m[Nest] 8292  - [39m30/09/2026 17:20:57 [32m    LOG[39m [38;5;3m[RouterExplorer] [39m[32mMapped {/api/fournisseurs, POST} route[39m[38;5;3m +0ms[39m
[32m[Nest] 8292  - [39m30/09/2026 17:20:57 [32m    LOG[39m [38;5;3m[RouterExplorer] [39m[32mMapped {/api/fournisseurs/:id, PATCH} route[39m[38;5;3m +1ms[39m
[32m[Nest] 8292  - [39m30/09/2026 17:20:57 [32m    LOG[39m [38;5;3m[RouterExplorer] [39m[32mMapped {/api/fournisseurs/:id, DELETE} route[39m[38;5;3m +0ms[39m
[32m[Nest] 8292  - [39m30/09/2026 17:20:57 [32m    LOG[39m [38;5;3m[RouterExplorer] [39m[32mMapped {/api/professions, GET} route[39m[38;5;3m +0ms[39m
[32m[Nest] 8292  - [39m30/09/2026 17:20:57 [32m    LOG[39m [38;5;3m[RouterExplorer] [39m[32mMapped {/api/professions, POST} route[39m[38;5;3m +0ms[39m
[32m[Nest] 8292  - [39m30/09/2026 17:20:57 [32m    LOG[39m [38;5;3m[RouterExplorer] [39m[32mMapped {/api/professions/:id, PATCH} route[39m[38;5;3m +0ms[39m
[32m[Nest] 8292  - [39m30/09/2026 17:20:57 [32m    LOG[39m [38;5;3m[RouterExplorer] [39m[32mMapped {/api/professions/:id, DELETE} route[39m[38;5;3m +0ms[39m
[32m[Nest] 8292  - [39m30/09/2026 17:20:57 [32m    LOG[39m [38;5;3m[RouterExplorer] [39m[32mMapped {/api/motifs, GET} route[39m[38;5;3m +0ms[39m
[32m[Nest] 8292  - [39m30/09/2026 17:20:57 [32m    LOG[39m [38;5;3m[RouterExplorer] [39m[32mMapped {/api/motifs, POST} route[39m[38;5;3m +0ms[39m
[32m[Nest] 8292  - [39m30/09/2026 17:20:57 [32m    LOG[39m [38;5;3m[RouterExplorer] [39m[32mMapped {/api/motifs/:id, PATCH} route[39m[38;5;3m +0ms[39m
[32m[Nest] 8292  - [39m30/09/2026 17:20:57 [32m    LOG[39m [38;5;3m[RouterExplorer] [39m[32mMapped {/api/motifs/:id, DELETE} route[39m[38;5;3m +0ms[39m
[32m[Nest] 8292  - [39m30/09/2026 17:20:57 [32m    LOG[39m [38;5;3m[RouterExplorer] [39m[32mMapped {/api/quartiers, GET} route[39m[38;5;3m +0ms[39m
[32m[Nest] 8292  - [39m30/09/2026 17:20:57 [32m    LOG[39m [38;5;3m[RouterExplorer] [39m[32mMapped {/api/quartiers, POST} route[39m[38;5;3m +0ms[39m
[32m[Nest] 8292  - [39m30/09/2026 17:20:57 [32m    LOG[39m [38;5;3m[RouterExplorer] [39m[32mMapped {/api/quartiers/:id, PATCH} route[39m[38;5;3m +0ms[39m
[32m[Nest] 8292  - [39m30/09/2026 17:20:57 [32m    LOG[39m [38;5;3m[RouterExplorer] [39m[32mMapped {/api/quartiers/:id, DELETE} route[39m[38;5;3m +0ms[39m
[32m[Nest] 8292  - [39m30/09/2026 17:20:57 [32m    LOG[39m [38;5;3m[RoutesResolver] [39m[32mMaterniteController {/api/maternite}:[39m[38;5;3m +0ms[39m
[32m[Nest] 8292  - [39m30/09/2026 17:20:57 [32m    LOG[39m [38;5;3m[RouterExplorer] [39m[32mMapped {/api/maternite/file, GET} route[39m[38;5;3m +0ms[39m
[32m[Nest] 8292  - [39m30/09/2026 17:20:57 [32m    LOG[39m [38;5;3m[RouterExplorer] [39m[32mMapped {/api/maternite/urgences/actes, GET} route[39m[38;5;3m +1ms[39m
[32m[Nest] 8292  - [39m30/09/2026 17:20:57 [32m    LOG[39m [38;5;3m[RouterExplorer] [39m[32mMapped {/api/maternite/urgences/patients, GET} route[39m[38;5;3m +0ms[39m
[32m[Nest] 8292  - [39m30/09/2026 17:20:57 [32m    LOG[39m [38;5;3m[RouterExplorer] [39m[32mMapped {/api/maternite/urgences, POST} route[39m[38;5;3m +0ms[39m
[32m[Nest] 8292  - [39m30/09/2026 17:20:57 [32m    LOG[39m [38;5;3m[RouterExplorer] [39m[32mMapped {/api/maternite/passages/:id/dossier, POST} route[39m[38;5;3m +0ms[39m
[32m[Nest] 8292  - [39m30/09/2026 17:20:57 [32m    LOG[39m [38;5;3m[RouterExplorer] [39m[32mMapped {/api/maternite/recherche, GET} route[39m[38;5;3m +0ms[39m
[32m[Nest] 8292  - [39m30/09/2026 17:20:57 [32m    LOG[39m [38;5;3m[RouterExplorer] [39m[32mMapped {/api/maternite/traites, GET} route[39m[38;5;3m +0ms[39m
[32m[Nest] 8292  - [39m30/09/2026 17:20:57 [32m    LOG[39m [38;5;3m[RouterExplorer] [39m[32mMapped {/api/maternite/passages/:id, GET} route[39m[38;5;3m +0ms[39m
[32m[Nest] 8292  - [39m30/09/2026 17:20:57 [32m    LOG[39m [38;5;3m[RouterExplorer] [39m[32mMapped {/api/maternite/passages/:id/terminer, PATCH} route[39m[38;5;3m +0ms[39m
[32m[Nest] 8292  - [39m30/09/2026 17:20:57 [32m    LOG[39m [38;5;3m[RouterExplorer] [39m[32mMapped {/api/maternite/passages/:id/consultation, POST} route[39m[38;5;3m +0ms[39m
[32m[Nest] 8292  - [39m30/09/2026 17:20:57 [32m    LOG[39m [38;5;3m[RouterExplorer] [39m[32mMapped {/api/maternite/grossesses/patient/:patientId, GET} route[39m[38;5;3m +0ms[39m
[32m[Nest] 8292  - [39m30/09/2026 17:20:57 [32m    LOG[39m [38;5;3m[RouterExplorer] [39m[32mMapped {/api/maternite/passages/:id/cpon, POST} route[39m[38;5;3m +0ms[39m
[32m[Nest] 8292  - [39m30/09/2026 17:20:57 [32m    LOG[39m [38;5;3m[RouterExplorer] [39m[32mMapped {/api/maternite/cpon/:id, PATCH} route[39m[38;5;3m +0ms[39m
[32m[Nest] 8292  - [39m30/09/2026 17:20:57 [32m    LOG[39m [38;5;3m[RouterExplorer] [39m[32mMapped {/api/maternite/passages/:id/pf, POST} route[39m[38;5;3m +1ms[39m
[32m[Nest] 8292  - [39m30/09/2026 17:20:57 [32m    LOG[39m [38;5;3m[RouterExplorer] [39m[32mMapped {/api/maternite/pf/:id, PATCH} route[39m[38;5;3m +0ms[39m
[32m[Nest] 8292  - [39m30/09/2026 17:20:57 [32m    LOG[39m [38;5;3m[RouterExplorer] [39m[32mMapped {/api/maternite/grossesses, GET} route[39m[38;5;3m +0ms[39m
[32m[Nest] 8292  - [39m30/09/2026 17:20:57 [32m    LOG[39m [38;5;3m[RouterExplorer] [39m[32mMapped {/api/maternite/grossesses/:id, GET} route[39m[38;5;3m +0ms[39m
[32m[Nest] 8292  - [39m30/09/2026 17:20:57 [32m    LOG[39m [38;5;3m[RouterExplorer] [39m[32mMapped {/api/maternite/grossesses, POST} route[39m[38;5;3m +0ms[39m
[32m[Nest] 8292  - [39m30/09/2026 17:20:57 [32m    LOG[39m [38;5;3m[RouterExplorer] [39m[32mMapped {/api/maternite/grossesses/:id, PATCH} route[39m[38;5;3m +0ms[39m
[32m[Nest] 8292  - [39m30/09/2026 17:20:57 [32m    LOG[39m [38;5;3m[RouterExplorer] [39m[32mMapped {/api/maternite/grossesses/:id/cpn, POST} route[39m[38;5;3m +0ms[39m
[32m[Nest] 8292  - [39m30/09/2026 17:20:57 [32m    LOG[39m [38;5;3m[RouterExplorer] [39m[32mMapped {/api/maternite/cpn/:id, PATCH} route[39m[38;5;3m +0ms[39m
[32m[Nest] 8292  - [39m30/09/2026 17:20:57 [32m    LOG[39m [38;5;3m[RouterExplorer] [39m[32mMapped {/api/maternite/grossesses/:id/accouchement, POST} route[39m[38;5;3m +0ms[39m
[32m[Nest] 8292  - [39m30/09/2026 17:20:57 [32m    LOG[39m [38;5;3m[RouterExplorer] [39m[32mMapped {/api/maternite/accouchements/:id, PATCH} route[39m[38;5;3m +0ms[39m
[32m[Nest] 8292  - [39m30/09/2026 17:20:57 [32m    LOG[39m [38;5;3m[RouterExplorer] [39m[32mMapped {/api/maternite/accouchements, GET} route[39m[38;5;3m +0ms[39m
[32m[Nest] 8292  - [39m30/09/2026 17:20:57 [32m    LOG[39m [38;5;3m[RoutesResolver] [39m[32mSoinsController {/api/soins}:[39m[38;5;3m +0ms[39m
[32m[Nest] 8292  - [39m30/09/2026 17:20:57 [32m    LOG[39m [38;5;3m[RouterExplorer] [39m[32mMapped {/api/soins/file, GET} route[39m[38;5;3m +1ms[39m
[32m[Nest] 8292  - [39m30/09/2026 17:20:57 [32m    LOG[39m [38;5;3m[RouterExplorer] [39m[32mMapped {/api/soins/recherche, GET} route[39m[38;5;3m +0ms[39m
[32m[Nest] 8292  - [39m30/09/2026 17:20:57 [32m    LOG[39m [38;5;3m[RouterExplorer] [39m[32mMapped {/api/soins/passages/:id, GET} route[39m[38;5;3m +0ms[39m
[32m[Nest] 8292  - [39m30/09/2026 17:20:57 [32m    LOG[39m [38;5;3m[RouterExplorer] [39m[32mMapped {/api/soins/passages/:id/realiser, POST} route[39m[38;5;3m +0ms[39m
[32m[Nest] 8292  - [39m30/09/2026 17:20:57 [32m    LOG[39m [38;5;3m[RouterExplorer] [39m[32mMapped {/api/soins/realisations, GET} route[39m[38;5;3m +0ms[39m
[32m[Nest] 8292  - [39m30/09/2026 17:20:57 [32m    LOG[39m [38;5;3m[RoutesResolver] [39m[32mRapportsController {/api/rapports}:[39m[38;5;3m +0ms[39m
[32m[Nest] 8292  - [39m30/09/2026 17:20:57 [32m    LOG[39m [38;5;3m[RouterExplorer] [39m[32mMapped {/api/rapports/sig/liste, GET} route[39m[38;5;3m +0ms[39m
[32m[Nest] 8292  - [39m30/09/2026 17:20:57 [32m    LOG[39m [38;5;3m[RouterExplorer] [39m[32mMapped {/api/rapports/sig, GET} route[39m[38;5;3m +0ms[39m
[32m[Nest] 8292  - [39m30/09/2026 17:20:57 [32m    LOG[39m [38;5;3m[RouterExplorer] [39m[32mMapped {/api/rapports/sig/:id, PATCH} route[39m[38;5;3m +0ms[39m
[32m[Nest] 8292  - [39m30/09/2026 17:20:57 [32m    LOG[39m [38;5;3m[RouterExplorer] [39m[32mMapped {/api/rapports/sig/:id/reimporter-entete, POST} route[39m[38;5;3m +1ms[39m
[32m[Nest] 8292  - [39m30/09/2026 17:20:57 [32m    LOG[39m [38;5;3m[RouterExplorer] [39m[32mMapped {/api/rapports/sig/:id/valeurs, PUT} route[39m[38;5;3m +0ms[39m
[32m[Nest] 8292  - [39m30/09/2026 17:20:57 [32m    LOG[39m [38;5;3m[RouterExplorer] [39m[32mMapped {/api/rapports/sig/:id/pre-remplir, POST} route[39m[38;5;3m +0ms[39m
[32m[Nest] 8292  - [39m30/09/2026 17:20:57 [32m    LOG[39m [38;5;3m[NestApplication] [39m[32mNest application successfully started[39m[38;5;3m +112ms[39m
Backend démarré sur http://0.0.0.0:3000/api
